child	parent	xyzzy	foo	bar
b	f	w	A	B
b	c	e		y
c	d	f	x	y
d	e	g	x	w
e	f	h		
f	g	a		
g	h	z		
h				
i				
